<html>
<body>
<pre>
<h1>µVision Build Log</h1>
<h2>Tool Versions:</h2>
IDE-Version: ¶ÃVision V5.40.0.12
Copyright (C) 2024 ARM Ltd and ARM Germany GmbH. All rights reserved.
License Information: 1 1, 1, LIC=KRMW3-A4YMT-UHL8H-WEPJ5-NT05D-1Z3KS
 
Tool Versions:
Toolchain:       MDK-ARM Plus  Version: 5.40.0.5
Toolchain Path:  E:\Keil\ARM\ARMCC\Bin
C Compiler:      Armcc.exe V5.06 update 5 (build 528)
Assembler:       Armasm.exe V5.06 update 5 (build 528)
Linker/Locator:  ArmLink.exe V5.06 update 5 (build 528)
Library Manager: ArmAr.exe V5.06 update 5 (build 528)
Hex Converter:   FromElf.exe V5.06 update 5 (build 528)
CPU DLL:         SARMCM3.DLL V5.40.0.5
Dialog DLL:      DCM.DLL V1.17.5.0
Target DLL:      STLink\ST-LINKIII-KEIL_SWO.dll V3.3.0.0
Dialog DLL:      TCM.DLL V1.56.4.0
 
<h2>Project:</h2>
E:\SY\32Œ¬ ™∂»º∆\32Œ¬ ™∂»6.0\Projek.uvprojx
Project File Date:  12/03/2025

<h2>Output:</h2>
*** Using Compiler 'V5.06 update 5 (build 528)', folder: 'E:\Keil\ARM\ARMCC\Bin'
Rebuild target 'Target 1'
assembling startup_stm32f10x_md.s...
compiling stm32f10x_adc.c...
compiling core_cm3.c...
compiling stm32f10x_bkp.c...
compiling stm32f10x_dbgmcu.c...
compiling stm32f10x_cec.c...
compiling misc.c...
compiling stm32f10x_crc.c...
compiling stm32f10x_dac.c...
compiling system_stm32f10x.c...
compiling stm32f10x_can.c...
compiling stm32f10x_dma.c...
compiling stm32f10x_exti.c...
compiling stm32f10x_flash.c...
compiling stm32f10x_gpio.c...
compiling stm32f10x_fsmc.c...
compiling stm32f10x_i2c.c...
compiling stm32f10x_iwdg.c...
compiling stm32f10x_pwr.c...
compiling stm32f10x_rtc.c...
compiling stm32f10x_spi.c...
compiling stm32f10x_sdio.c...
compiling stm32f10x_rcc.c...
compiling stm32f10x_usart.c...
compiling stm32f10x_tim.c...
compiling stm32f10x_wwdg.c...
compiling stm32f10x_it.c...
compiling main.c...
User\main.c(68): warning:  #870-D: invalid multibyte character sequence
      printf("Á≥ªÁªü‰∏äÁîµ‰∏?.\r\n");
User\main.c: 1 warning, 0 errors
compiling dht11.c...
compiling sys.c...
compiling usart.c...
compiling oled.c...
Hardware\oled.c(202): warning:  #186-D: pointless comparison of unsigned integer with zero
      if((x1 < 0) || (x2 > 128) || (y1 < 0) || (y2 > 64) || (x1 > x2) || (y1 > y2))
Hardware\oled.c(202): warning:  #186-D: pointless comparison of unsigned integer with zero
      if((x1 < 0) || (x2 > 128) || (y1 < 0) || (y2 > 64) || (x1 > x2) || (y1 > y2))
Hardware\oled.c(200): warning:  #177-D: variable "y0"  was declared but never referenced
      u8 i, k, k1, k2, y0;
Hardware\oled.c: 3 warnings, 0 errors
compiling pwm.c...
compiling key.c...
compiling led.c...
compiling delay.c...
System\delay.c(28): warning:  #550-D: variable "fac_ms"  was set but never used
  static u16 fac_ms=0; // msÂª∂Êó∂ÂÄç‰πòÊï?
System\delay.c: 1 warning, 0 errors
compiling esp8266.c...
compiling ent.c...
linking...
Program Size: Code=8068 RO-data=6772 RW-data=60 ZI-data=4012  
".\Objects\Projek.axf" - 0 Error(s), 5 Warning(s).

<h2>Software Packages used:</h2>

Package Vendor: Keil
                http://www.keil.com/pack/Keil.STM32F1xx_DFP.2.2.0.pack
                Keil::STM32F1xx_DFP@2.2.0
                STMicroelectronics STM32F1 Series Device Support, Drivers and Examples

<h2>Collection of Component include folders:</h2>
  E:/Keil/ARM/Packs/Keil/STM32F1xx_DFP/2.2.0/Device/Include

<h2>Collection of Component Files used:</h2>
Build Time Elapsed:  00:00:01
</pre>
</body>
</html>
